{
  "type": "unwanted:torrid_furnace",
  "ingredients": [
    {
      "item": "unwanted:torrid_steel_ingot"
    },
    {
      "item": "minecraft:golden_sword"
    }
  ],
  "output": {
    "item": "unwanted:golden_torrid_sword"
  }
}