{
  "type": "unwanted:torrid_furnace",
  "ingredients": [
    {
      "item": "unwanted:torrid_steel_ingot"
    },
    {
      "item": "minecraft:golden_leggings"
    }
  ],
  "output": {
    "id": "unwanted:golden_torrid_leggings"
  }
}