{
  "type": "unwanted:torrid_furnace",
  "ingredients": [
    {
      "item": "unwanted:torrid_steel_ingot"
    },
    {
      "item": "unwanted:golden_embarium_hoe"
    }
  ],
  "output": {
    "id": "unwanted:golden_torrid_embarium_hoe"
  }
}