{
  "type": "unwanted:gem_infuser",
  "ingredients": [
    {
      "item": "minecraft:golden_helmet"
    },
    {
      "item": "unwanted:embarium"
    }
  ],
  "output": {
    "id": "unwanted:golden_embarium_helmet"
  }
}