{
  "type": "unwanted:gem_infuser",
  "ingredients": [
    {
      "item": "minecraft:golden_axe"
    },
    {
      "item": "unwanted:embarium"
    }
  ],
  "output": {
    "item": "unwanted:golden_embarium_axe"
  }
}