{
  "type": "unwanted:gem_infuser",
  "ingredients": [
    {
      "item": "unwanted:golden_torrid_boots"
    },
    {
      "item": "unwanted:embarium"
    }
  ],
  "output": {
    "item": "unwanted:golden_torrid_embarium_boots"
  }
}