{
  "type": "unwanted:gem_infuser",
  "ingredients": [
    {
      "item": "minecraft:golden_leggings"
    },
    {
      "item": "unwanted:embarium"
    }
  ],
  "output": {
    "item": "unwanted:golden_embarium_leggings"
  }
}